Generated 12 tasks:
地图建筑 2889 栋：其中 25 栋有可用高度、18 栋 >20 m 进入避障碰撞集
Generated 12 tasks:
地图建筑 2889 栋：其中 25 栋有可用高度、18 栋 >20 m 进入避障碰撞集
Generated 12 tasks:
地图建筑 2889 栋：其中 25 栋有可用高度、18 栋 >20 m 进入避障碰撞集
Generated 12 tasks:
地图建筑 2889 栋：其中 25 栋有可用高度、18 栋 >20 m 进入避障碰撞集
Generated 12 tasks:
地图建筑 2889 栋：其中 25 栋有可用高度、18 栋 >20 m 进入避障碰撞集
Generated 12 tasks:
地图建筑 2889 栋：其中 25 栋有可用高度、18 栋 >20 m 进入避障碰撞集
Generated 12 tasks:
地图建筑 2889 栋：其中 25 栋有可用高度、18 栋 >20 m 进入避障碰撞集
Generated 12 tasks:
地图建筑 2889 栋：其中 25 栋有可用高度、18 栋 >20 m 进入避障碰撞集
Generated 12 tasks:
地图建筑 2889 栋：其中 25 栋有可用高度、18 栋 >20 m 进入避障碰撞集
Generated 12 tasks:
地图建筑 2889 栋：其中 25 栋有可用高度、18 栋 >20 m 进入避障碰撞集
Generated 12 tasks:
地图建筑 2889 栋：其中 25 栋有可用高度、18 栋 >20 m 进入避障碰撞集
Generated 12 tasks:
地图建筑 2889 栋：其中 25 栋有可用高度、18 栋 >20 m 进入避障碰撞集
Generated 12 tasks:
地图建筑 2889 栋：其中 25 栋有可用高度、18 栋 >20 m 进入避障碰撞集
Generated 12 tasks:
地图建筑 2889 栋：其中 25 栋有可用高度、18 栋 >20 m 进入避障碰撞集
Generated 12 tasks:
地图建筑 2889 栋：其中 25 栋有可用高度、18 栋 >20 m 进入避障碰撞集
Generated 12 tasks:
地图建筑 2889 栋：其中 25 栋有可用高度、18 栋 >20 m 进入避障碰撞集
Generated 12 tasks:
地图建筑 2889 栋：其中 25 栋有可用高度、18 栋 >20 m 进入避障碰撞集
Generated 12 tasks:
地图建筑 2889 栋：其中 25 栋有可用高度、18 栋 >20 m 进入避障碰撞集
Generated 12 tasks:
地图建筑 2889 栋：其中 25 栋有可用高度、18 栋 >20 m 进入避障碰撞集
Generated 12 tasks:
地图建筑 2889 栋：其中 25 栋有可用高度、18 栋 >20 m 进入避障碰撞集
[1/20] load_grid · is1.00×f6 · 贪心调度 · 1 (seed=40901)
[2/20] load_grid · is1.00×f4 · 贪心调度 · 1 (seed=40901)
[3/20] load_grid · is0.85×f6 · 贪心调度 · 1 (seed=40901)
[4/20] load_grid · is0.85×f4 · 贪心调度 · 1 (seed=40901)
[5/20] load_grid · is0.70×f6 · 贪心调度 · 1 (seed=40901)
[6/20] load_grid · is0.70×f4 · 贪心调度 · 1 (seed=40901)
[7/20] load_grid · is0.55×f6 · 贪心调度 · 1 (seed=40901)
[8/20] load_grid · is0.55×f4 · 贪心调度 · 1 (seed=40901)
[9/20] load_grid · is0.40×f6 · 贪心调度 · 1 (seed=40901)
[10/20] load_grid · is0.40×f4 · 贪心调度 · 1 (seed=40901)
[11/20] load_grid · is1.00×f6 · 贪心调度 · 2 (seed=40902)
[12/20] load_grid · is1.00×f4 · 贪心调度 · 2 (seed=40902)
[13/20] load_grid · is0.85×f6 · 贪心调度 · 2 (seed=40902)
[14/20] load_grid · is0.85×f4 · 贪心调度 · 2 (seed=40902)
[15/20] load_grid · is0.70×f6 · 贪心调度 · 2 (seed=40902)
[16/20] load_grid · is0.70×f4 · 贪心调度 · 2 (seed=40902)
[17/20] load_grid · is0.55×f6 · 贪心调度 · 2 (seed=40902)
[18/20] load_grid · is0.55×f4 · 贪心调度 · 2 (seed=40902)
[19/20] load_grid · is0.40×f6 · 贪心调度 · 2 (seed=40902)
[20/20] load_grid · is0.40×f4 · 贪心调度 · 2 (seed=40902)
完成：C:\Users\yyyy\AppData\Roaming\TRAE SOLO CN\ModularData\ai-agent\work-mode-projects\6a91893e4cc261f69a0a52a0\drone-scheduling\results\experiments\arrival_pressure_20261002-230513
output_dir=C:\Users\yyyy\AppData\Roaming\TRAE SOLO CN\ModularData\ai-agent\work-mode-projects\6a91893e4cc261f69a0a52a0\drone-scheduling\results\experiments\arrival_pressure_20261002-230513
