Generated 12 tasks:
地图建筑 2889 栋：其中 25 栋有可用高度、18 栋 >20 m 进入避障碰撞集
Generated 12 tasks:
地图建筑 2889 栋：其中 25 栋有可用高度、18 栋 >20 m 进入避障碰撞集
Generated 12 tasks:
地图建筑 2889 栋：其中 25 栋有可用高度、18 栋 >20 m 进入避障碰撞集
Generated 12 tasks:
地图建筑 2889 栋：其中 25 栋有可用高度、18 栋 >20 m 进入避障碰撞集
Generated 12 tasks:
地图建筑 2889 栋：其中 25 栋有可用高度、18 栋 >20 m 进入避障碰撞集
Generated 12 tasks:
地图建筑 2889 栋：其中 25 栋有可用高度、18 栋 >20 m 进入避障碰撞集
[1/6] load_grid · C1 · 贪心调度 · 1 (seed=40901)
[2/6] load_grid · C2 · 贪心调度 · 1 (seed=40901)
[3/6] load_grid · C1 · 贪心调度 · 2 (seed=40902)
[4/6] load_grid · C2 · 贪心调度 · 2 (seed=40902)
[5/6] load_grid · C1 · 贪心调度 · 3 (seed=40903)
[6/6] load_grid · C2 · 贪心调度 · 3 (seed=40903)
完成：C:\Users\yyyy\AppData\Roaming\TRAE SOLO CN\ModularData\ai-agent\work-mode-projects\6a91893e4cc261f69a0a52a0\drone-scheduling\results\experiments\e0_baseline_20261002-235335
output_dir=C:\Users\yyyy\AppData\Roaming\TRAE SOLO CN\ModularData\ai-agent\work-mode-projects\6a91893e4cc261f69a0a52a0\drone-scheduling\results\experiments\e0_baseline_20261002-235335
