Generated 12 tasks:
地图建筑 2889 栋：其中 25 栋有可用高度、18 栋 >20 m 进入避障碰撞集
Generated 12 tasks:
地图建筑 2889 栋：其中 25 栋有可用高度、18 栋 >20 m 进入避障碰撞集
Generated 12 tasks:
地图建筑 2889 栋：其中 25 栋有可用高度、18 栋 >20 m 进入避障碰撞集
Generated 12 tasks:
地图建筑 2889 栋：其中 25 栋有可用高度、18 栋 >20 m 进入避障碰撞集
Generated 12 tasks:
地图建筑 2889 栋：其中 25 栋有可用高度、18 栋 >20 m 进入避障碰撞集
Generated 12 tasks:
地图建筑 2889 栋：其中 25 栋有可用高度、18 栋 >20 m 进入避障碰撞集
Generated 12 tasks:
地图建筑 2889 栋：其中 25 栋有可用高度、18 栋 >20 m 进入避障碰撞集
Generated 12 tasks:
地图建筑 2889 栋：其中 25 栋有可用高度、18 栋 >20 m 进入避障碰撞集
Generated 12 tasks:
地图建筑 2889 栋：其中 25 栋有可用高度、18 栋 >20 m 进入避障碰撞集
Generated 12 tasks:
地图建筑 2889 栋：其中 25 栋有可用高度、18 栋 >20 m 进入避障碰撞集
Generated 12 tasks:
地图建筑 2889 栋：其中 25 栋有可用高度、18 栋 >20 m 进入避障碰撞集
Generated 12 tasks:
地图建筑 2889 栋：其中 25 栋有可用高度、18 栋 >20 m 进入避障碰撞集
Generated 12 tasks:
地图建筑 2889 栋：其中 25 栋有可用高度、18 栋 >20 m 进入避障碰撞集
Generated 12 tasks:
地图建筑 2889 栋：其中 25 栋有可用高度、18 栋 >20 m 进入避障碰撞集
Generated 12 tasks:
地图建筑 2889 栋：其中 25 栋有可用高度、18 栋 >20 m 进入避障碰撞集
Generated 12 tasks:
地图建筑 2889 栋：其中 25 栋有可用高度、18 栋 >20 m 进入避障碰撞集
Generated 12 tasks:
地图建筑 2889 栋：其中 25 栋有可用高度、18 栋 >20 m 进入避障碰撞集
Generated 12 tasks:
地图建筑 2889 栋：其中 25 栋有可用高度、18 栋 >20 m 进入避障碰撞集
Generated 12 tasks:
地图建筑 2889 栋：其中 25 栋有可用高度、18 栋 >20 m 进入避障碰撞集
Generated 12 tasks:
地图建筑 2889 栋：其中 25 栋有可用高度、18 栋 >20 m 进入避障碰撞集
Generated 12 tasks:
地图建筑 2889 栋：其中 25 栋有可用高度、18 栋 >20 m 进入避障碰撞集
Generated 12 tasks:
地图建筑 2889 栋：其中 25 栋有可用高度、18 栋 >20 m 进入避障碰撞集
Generated 12 tasks:
地图建筑 2889 栋：其中 25 栋有可用高度、18 栋 >20 m 进入避障碰撞集
Generated 12 tasks:
地图建筑 2889 栋：其中 25 栋有可用高度、18 栋 >20 m 进入避障碰撞集
Generated 12 tasks:
地图建筑 2889 栋：其中 25 栋有可用高度、18 栋 >20 m 进入避障碰撞集
Generated 12 tasks:
地图建筑 2889 栋：其中 25 栋有可用高度、18 栋 >20 m 进入避障碰撞集
Generated 12 tasks:
地图建筑 2889 栋：其中 25 栋有可用高度、18 栋 >20 m 进入避障碰撞集
Generated 12 tasks:
地图建筑 2889 栋：其中 25 栋有可用高度、18 栋 >20 m 进入避障碰撞集
Generated 12 tasks:
地图建筑 2889 栋：其中 25 栋有可用高度、18 栋 >20 m 进入避障碰撞集
Generated 12 tasks:
地图建筑 2889 栋：其中 25 栋有可用高度、18 栋 >20 m 进入避障碰撞集
[1/30] load_grid · C1 · 贪心调度 · 1 (seed=40901)
[2/30] load_grid · C2 · 贪心调度 · 1 (seed=40901)
[3/30] load_grid · S · 贪心调度 · 1 (seed=40901)
[4/30] load_grid · C1 · 贪心调度 · 2 (seed=40902)
[5/30] load_grid · C2 · 贪心调度 · 2 (seed=40902)
[6/30] load_grid · S · 贪心调度 · 2 (seed=40902)
[7/30] load_grid · C1 · 贪心调度 · 3 (seed=40903)
[8/30] load_grid · C2 · 贪心调度 · 3 (seed=40903)
[9/30] load_grid · S · 贪心调度 · 3 (seed=40903)
[10/30] load_grid · C1 · 贪心调度 · 4 (seed=40904)
[11/30] load_grid · C2 · 贪心调度 · 4 (seed=40904)
[12/30] load_grid · S · 贪心调度 · 4 (seed=40904)
[13/30] load_grid · C1 · 贪心调度 · 5 (seed=40905)
[14/30] load_grid · C2 · 贪心调度 · 5 (seed=40905)
[15/30] load_grid · S · 贪心调度 · 5 (seed=40905)
[16/30] load_grid · C1 · 贪心调度 · 6 (seed=40906)
[17/30] load_grid · C2 · 贪心调度 · 6 (seed=40906)
[18/30] load_grid · S · 贪心调度 · 6 (seed=40906)
[19/30] load_grid · C1 · 贪心调度 · 7 (seed=40907)
[20/30] load_grid · C2 · 贪心调度 · 7 (seed=40907)
[21/30] load_grid · S · 贪心调度 · 7 (seed=40907)
[22/30] load_grid · C1 · 贪心调度 · 8 (seed=40908)
[23/30] load_grid · C2 · 贪心调度 · 8 (seed=40908)
[24/30] load_grid · S · 贪心调度 · 8 (seed=40908)
[25/30] load_grid · C1 · 贪心调度 · 9 (seed=40909)
[26/30] load_grid · C2 · 贪心调度 · 9 (seed=40909)
[27/30] load_grid · S · 贪心调度 · 9 (seed=40909)
[28/30] load_grid · C1 · 贪心调度 · 10 (seed=40910)
[29/30] load_grid · C2 · 贪心调度 · 10 (seed=40910)
[30/30] load_grid · S · 贪心调度 · 10 (seed=40910)
完成：C:\Users\yyyy\AppData\Roaming\TRAE SOLO CN\ModularData\ai-agent\work-mode-projects\6a91893e4cc261f69a0a52a0\drone-scheduling\results\experiments\formal_baseline_n10_20261003-010435
output_dir=C:\Users\yyyy\AppData\Roaming\TRAE SOLO CN\ModularData\ai-agent\work-mode-projects\6a91893e4cc261f69a0a52a0\drone-scheduling\results\experiments\formal_baseline_n10_20261003-010435
